[19:04:42] [ServerMain/INFO]: [bootstrap] Running Java 21 (OpenJDK 64-Bit Server VM 21.0.6+7-Ubuntu-120.04.1; Ubuntu null) on Linux 6.8.0-1021-azure (amd64)
[19:04:42] [ServerMain/INFO]: [bootstrap] Loading Paper 1.21.1-57-master@b483da4 (2024-09-01T18:09:05Z) for Minecraft 1.21.1
[19:04:42] [ServerMain/INFO]: [PluginInitializerManager] Initializing plugins...
[19:04:44] [ServerMain/INFO]: [PluginInitializerManager] Initialized 1 plugin
[19:04:44] [ServerMain/INFO]: [PluginInitializerManager] Bukkit plugins (1):
 - TradePro (2.0)
[19:04:55] [ServerMain/INFO]: Environment: Environment[sessionHost=https://sessionserver.mojang.com, servicesHost=https://api.minecraftservices.com, name=PROD]
[19:04:59] [ServerMain/INFO]: Loaded 1290 recipes
[19:05:00] [ServerMain/INFO]: Loaded 1399 advancements
[19:05:00] [Server thread/INFO]: Starting minecraft server version 1.21.1
[19:05:00] [Server thread/INFO]: Loading properties
[19:05:00] [Server thread/INFO]: This server is running Paper version 1.21.1-57-master@b483da4 (2024-09-01T18:09:05Z) (Implementing API version 1.21.1-R0.1-SNAPSHOT)
[19:05:01] [Server thread/INFO]: [spark] This server bundles the spark profiler. For more information please visit https://docs.papermc.io/paper/profiling
[19:05:02] [Server thread/INFO]: Server Ping Player Sample Count: 12
[19:05:02] [Server thread/INFO]: Using 4 threads for Netty based IO
[19:05:03] [Server thread/INFO]: [ChunkTaskScheduler] Chunk system is using 1 I/O threads, 1 worker threads, and population gen parallelism of 1 threads
[19:05:05] [Server thread/INFO]: Default game type: SURVIVAL
[19:05:05] [Server thread/INFO]: Generating keypair
[19:05:05] [Server thread/INFO]: Starting Minecraft server on *:25565
[19:05:05] [Server thread/INFO]: Using epoll channel type
[19:05:05] [Server thread/INFO]: Paper: Using libdeflate (Linux x86_64) compression from Velocity.
[19:05:05] [Server thread/INFO]: Paper: Using OpenSSL 1.1.x (Linux x86_64) cipher from Velocity.
[19:05:06] [Server thread/INFO]: [TradePro] Loading server plugin TradePro v2.0
[19:05:06] [Server thread/INFO]: [TradePro] Failed to hook into worldguard. Ignore this if you don't have worldguard.
[19:05:06] [Server thread/INFO]: Server permissions file permissions.yml is empty, ignoring it
[19:05:06] [Server thread/WARN]: **** SERVER IS RUNNING IN OFFLINE/INSECURE MODE!
[19:05:06] [Server thread/WARN]: The server will make no attempt to authenticate usernames. Beware.
[19:05:06] [Server thread/WARN]: While this makes the game possible to play without internet access, it also opens up the ability for hackers to connect with any username they choose.
[19:05:06] [Server thread/WARN]: To change this, set "online-mode" to "true" in the server.properties file.
[19:05:06] [Server thread/INFO]: Preparing level "world"
[19:05:07] [Server thread/INFO]: Preparing start region for dimension minecraft:overworld
[19:05:09] [Server thread/INFO]: Time elapsed: 2379 ms
[19:05:09] [Server thread/INFO]: Preparing start region for dimension minecraft:the_nether
[19:05:13] [Server thread/INFO]: Time elapsed: 3547 ms
[19:05:13] [Server thread/INFO]: Preparing start region for dimension minecraft:the_end
[19:05:13] [Server thread/INFO]: Time elapsed: 368 ms
[19:05:13] [Server thread/INFO]: [TradePro] Enabling TradePro v2.0
[19:05:13] [Server thread/INFO]: [TradePro] config.yml already exists, skipping creation.
[19:05:13] [Server thread/INFO]: [TradePro] lang.yml already exists, skipping creation.
[19:05:13] [Server thread/INFO]: [TradePro] gui.yml already exists, skipping creation.
[19:05:14] [TaskChainAsyncQueue Thread 0/INFO]: §a[TradePro] Detected Minecraft version: 121
[19:05:14] [TaskChainAsyncQueue Thread 0/INFO]: §a[TradePro] Sounds loaded successfully!
[19:05:14] [Server thread/INFO]: [TradePro] TradePro has started successfully!
[19:05:14] [Server thread/INFO]: [spark] Starting background profiler...
[19:05:16] [Server thread/INFO]: Done preparing level "world" (10.001s)
[19:05:16] [Server thread/INFO]: Running delayed init tasks
[19:05:16] [Server thread/INFO]: §a[TradePro] Sounds loaded successfully!
[19:05:16] [User Authenticator #0/INFO]: UUID of player orxaatita is 993132ed-3368-3749-a2b5-8bd029f15d99
[19:05:17] [Craft Scheduler Thread - 3 - TradePro/INFO]: [TradePro] Plugin is up to date.
[19:05:17] [Server thread/INFO]: [TradePro] Web panel is disabled in config.yml
[19:05:17] [Server thread/INFO]: Done (39.433s)! For help, type "help"
[19:05:17] [Server thread/INFO]: Timings Reset
[19:05:20] [Server thread/INFO]:  [GORDA] orxaatita joined the game
[19:05:20] [Server thread/INFO]: orxaatita[/127.237.225.253:38713] logged in with entity id 27 at ([world]-309.1827627950976, 64.5625, -73.90453318466405)
[19:05:23] [Server thread/WARN]: Can't keep up! Is the server overloaded? Running 2605ms or 52 ticks behind
[19:21:04] [Server thread/INFO]:  [GORDA] orxaatita has made the advancement [What a Deal!]
[19:27:54] [Server thread/INFO]: You whisper to  [GORDA] orxaatita: no uses mis aldeanos eh
[19:28:02] [Server thread/INFO]: You whisper to  [GORDA] orxaatita: gorda
